// Jest Snapshot v1, https://goo.gl/fbAQLP

exports[`Button Rendering should match to snapshot 1`] = `
<View
  accessibilityState={
    {
      "busy": undefined,
      "checked": undefined,
      "disabled": undefined,
      "expanded": undefined,
      "selected": undefined,
    }
  }
  accessibilityValue={
    {
      "max": undefined,
      "min": undefined,
      "now": undefined,
      "text": undefined,
    }
  }
  accessible={true}
  collapsable={false}
  focusable={false}
  onClick={[Function]}
  onResponderGrant={[Function]}
  onResponderMove={[Function]}
  onResponderRelease={[Function]}
  onResponderTerminate={[Function]}
  onResponderTerminationRequest={[Function]}
  onStartShouldSetResponder={[Function]}
  style={
    {
      "alignSelf": "stretch",
      "backgroundColor": "#38ba7d",
      "borderBottomColor": "#1e6343",
      "borderBottomWidth": 6,
      "borderWidth": 1,
      "height": 45,
      "justifyContent": "center",
      "marginLeft": 15,
      "marginRight": 15,
      "opacity": 1,
    }
  }
  testID="button"
>
  <Text
    style={
      {
        "alignSelf": "center",
        "color": "#fff",
        "fontSize": 16,
        "fontWeight": "600",
      }
    }
    testID="text"
  >
    test label
  </Text>
</View>
`;
